Processing 1/246: NRW_DS109859
Processing 2/246: NRW_DS110476
Processing 3/246: NRW_DS110501
Processing 4/246: NRW_DS112114
Processing 5/246: NRW_DS112503
Processing 6/246: NRW_DS112540
Processing 7/246: NRW_DS112565
Processing 8/246: NRW_DS114722
Processing 9/246: NRW_DS116227
Processing 10/246: NRW_DS116228
Processing 11/246: NRW_DS116229
Processing 12/246: NRW_DS116230
Processing 13/246: NRW_DS116231
Processing 14/246: NRW_DS116236
Processing 15/246: NRW_DS116238
Processing 16/246: NRW_DS116239
Processing 17/246: NRW_DS116240
Processing 18/246: NRW_DS116241
Processing 19/246: NRW_DS116242
Processing 20/246: NRW_DS116243
Processing 21/246: NRW_DS116244
Processing 22/246: NRW_DS116245
Processing 23/246: NRW_DS116247
Processing 24/246: NRW_DS116251
Processing 25/246: NRW_DS116252
Processing 26/246: NRW_DS116253
Processing 27/246: NRW_DS116255
Processing 28/246: NRW_DS116258
Processing 29/246: NRW_DS116261
Processing 30/246: NRW_DS116263
Processing 31/246: NRW_DS116264
Processing 32/246: NRW_DS116266
Processing 33/246: NRW_DS116267
Processing 34/246: NRW_DS116268
Processing 35/246: NRW_DS116269
Processing 36/246: NRW_DS116270
Processing 37/246: NRW_DS116271
Processing 38/246: NRW_DS116272
Processing 39/246: NRW_DS116276
Processing 40/246: NRW_DS116278
Processing 41/246: NRW_DS116279
Processing 42/246: NRW_DS116281
Processing 43/246: NRW_DS116283
Processing 44/246: NRW_DS116284
Processing 45/246: NRW_DS116285
Processing 46/246: NRW_DS116287
Processing 47/246: NRW_DS116288
Processing 48/246: NRW_DS116290
Processing 49/246: NRW_DS116291
Processing 50/246: NRW_DS116292
Processing 51/246: NRW_DS116294
Processing 52/246: NRW_DS116295
Processing 53/246: NRW_DS116296
Processing 54/246: NRW_DS116297
Processing 55/246: NRW_DS116298
Processing 56/246: NRW_DS116300
Processing 57/246: NRW_DS116301
Processing 58/246: NRW_DS116303
Processing 59/246: NRW_DS116305
Processing 60/246: NRW_DS116308
Processing 61/246: NRW_DS116309
Processing 62/246: NRW_DS116312
Processing 63/246: NRW_DS116321
Processing 64/246: NRW_DS116323
Processing 65/246: NRW_DS116327
Processing 66/246: NRW_DS116329
Processing 67/246: NRW_DS116331
Processing 68/246: NRW_DS116333
Processing 69/246: NRW_DS116334
Processing 70/246: NRW_DS116336
Processing 71/246: NRW_DS116337
Processing 72/246: NRW_DS116338
Processing 73/246: NRW_DS116340
Processing 74/246: NRW_DS116342
Processing 75/246: NRW_DS116343
Processing 76/246: NRW_DS116442
Processing 77/246: NRW_DS116445
Processing 78/246: NRW_DS116446
Processing 79/246: NRW_DS116494
Processing 80/246: NRW_DS116536
Processing 81/246: NRW_DS116723
Processing 82/246: NRW_DS116788
Processing 83/246: NRW_DS116792
Processing 84/246: NRW_DS116802
Processing 85/246: NRW_DS116803
Processing 86/246: NRW_DS116805
Processing 87/246: NRW_DS116807
Processing 88/246: NRW_DS116814
Processing 89/246: NRW_DS116826
Processing 90/246: NRW_DS117501
Processing 91/246: NRW_DS117519
Processing 92/246: NRW_DS118585
Processing 93/246: NRW_DS118643
Processing 94/246: NRW_DS119005
Processing 95/246: NRW_DS119019
Processing 96/246: NRW_DS119099
Processing 97/246: NRW_DS119100
Processing 98/246: NRW_DS119101
Processing 99/246: NRW_DS119124
Processing 100/246: NRW_DS119132
Processing 101/246: NRW_DS119133
Processing 102/246: NRW_DS119134
Processing 103/246: NRW_DS119141
Processing 104/246: NRW_DS119153
Processing 105/246: NRW_DS119161
Processing 106/246: NRW_DS119263
Processing 107/246: NRW_DS119266
Processing 108/246: NRW_DS119270
Processing 109/246: NRW_DS119281
Processing 110/246: NRW_DS119974
Processing 111/246: NRW_DS121238
Processing 112/246: NRW_DS121241
Processing 113/246: NRW_DS121357
Processing 114/246: NRW_DS121359
Processing 115/246: NRW_DS121361
Processing 116/246: NRW_DS121362
Processing 117/246: NRW_DS121363
Processing 118/246: NRW_DS121392
Processing 119/246: NRW_DS121599
Processing 120/246: NRW_DS121668
Processing 121/246: NRW_DS121672
Processing 122/246: NRW_DS121852
Processing 123/246: NRW_DS122202
Processing 124/246: NRW_DS122418
Processing 125/246: NRW_DS122453
Processing 126/246: NRW_DS122454
Processing 127/246: NRW_DS122460
Processing 128/246: NRW_DS122580
Processing 129/246: NRW_DS122973
Processing 130/246: NRW_DS123303
Processing 131/246: NRW_DS123310
Processing 132/246: NRW_DS123318
Processing 133/246: NRW_DS123441
Processing 134/246: NRW_DS123857
Processing 135/246: NRW_DS124164
Processing 136/246: NRW_DS124436
Processing 137/246: NRW_DS124663
Processing 138/246: NRW_DS124687
Processing 139/246: NRW_DS124762
Processing 140/246: NRW_DS124763
Processing 141/246: NRW_DS124790
Processing 142/246: NRW_DS124791
Processing 143/246: NRW_DS124794
Processing 144/246: NRW_DS124799
Processing 145/246: NRW_DS124807
Processing 146/246: NRW_DS124828
Processing 147/246: NRW_DS124838
Processing 148/246: NRW_DS124841
Processing 149/246: NRW_DS124842
Processing 150/246: NRW_DS124843
Processing 151/246: NRW_DS124845
Processing 152/246: NRW_DS124851
Processing 153/246: NRW_DS124865
Processing 154/246: NRW_DS124869
Processing 155/246: NRW_DS124889
Processing 156/246: NRW_DS124903
Processing 157/246: NRW_DS124913
Processing 158/246: NRW_DS124916
Processing 159/246: NRW_DS124923
Processing 160/246: NRW_DS124928
Processing 161/246: NRW_DS124929
Processing 162/246: NRW_DS125074
Processing 163/246: NRW_DS125076
Processing 164/246: NRW_DS125080
Processing 165/246: NRW_DS125083
Processing 166/246: NRW_DS125215
Processing 167/246: NRW_DS125216
Processing 168/246: NRW_DS125226
Processing 169/246: NRW_DS125237
Processing 170/246: NRW_DS125258
Processing 171/246: NRW_DS125266
Processing 172/246: NRW_DS125279
Processing 173/246: NRW_DS125285
Processing 174/246: NRW_DS125305
Processing 175/246: NRW_DS125323
Processing 176/246: NRW_DS125326
Processing 177/246: NRW_DS125436
Processing 178/246: NRW_DS125437
Processing 179/246: NRW_DS125452
Processing 180/246: NRW_DS125453
Processing 181/246: NRW_DS125458
Processing 182/246: NRW_DS125499
Processing 183/246: NRW_DS125531
Processing 184/246: NRW_DS125561
Processing 185/246: NRW_DS125572
Processing 186/246: NRW_DS125620
Processing 187/246: NRW_DS125626
Processing 188/246: NRW_DS125637
Processing 189/246: NRW_DS125641
Processing 190/246: NRW_DS125685
Processing 191/246: NRW_DS125697
Processing 192/246: NRW_DS125707
Processing 193/246: NRW_DS125722
Processing 194/246: NRW_DS125723
Processing 195/246: NRW_DS125742
Processing 196/246: NRW_DS125743
Processing 197/246: NRW_DS161272
Processing 198/246: NRW_DS161277
Processing 199/246: NRW_DS161278
Processing 200/246: NRW_DS161279
Processing 201/246: NRW_DS161282
Processing 202/246: NRW_DS161285
Processing 203/246: NRW_DS161288
Processing 204/246: NRW_DS161324
Processing 205/246: NRW_DS161330
Processing 206/246: NRW_DS161335
Processing 207/246: NRW_DS161343
Processing 208/246: NRW_DS161346
Processing 209/246: NRW_DS161347
Processing 210/246: NRW_DS161349
Processing 211/246: NRW_DS161359
Processing 212/246: NRW_DS161360
Processing 213/246: NRW_DS161361
Processing 214/246: NRW_DS161366
Processing 215/246: NRW_DS161371
Processing 216/246: NRW_DS161385
Processing 217/246: NRW_DS161387
Processing 218/246: NRW_DS161388
Processing 219/246: NRW_DS161408
Processing 220/246: NRW_DS161414
Processing 221/246: NRW_DS161473
Processing 222/246: NRW_DS161523
Processing 223/246: NRW_DS161637
Processing 224/246: NRW_DS24294
Processing 225/246: NRW_DS24333
Processing 226/246: NRW_DS24715
Processing 227/246: NRW_DS46160
Processing 228/246: NRW_DS98736
Processing 229/246: NRW_DS98737
Processing 230/246: NRW_DS98740
Processing 231/246: NRW_DS98741
Processing 232/246: NRW_DS98742
Processing 233/246: NRW_DS98745
Processing 234/246: NRW_DS98746
Processing 235/246: NRW_DS98751
Processing 236/246: NRW_DS98759
Processing 237/246: NRW_DS98766
Processing 238/246: NRW_DS98775
Processing 239/246: NRW_DS98776
Processing 240/246: NRW_DS98777
Processing 241/246: NRW_DS98778
Processing 242/246: NRW_DS99287
Processing 243/246: NRW_DS99344
Processing 244/246: NRW_DS99411
Processing 245/246: NRW_DS99415
Processing 246/246: NRW_DS99421
GUIDs that have failed: NRW_DS109859,NRW_DS110476,NRW_DS110501,NRW_DS112114,NRW_DS112503,NRW_DS112540,NRW_DS112565,NRW_DS114722,NRW_DS116227,NRW_DS116228,NRW_DS116229,NRW_DS116230,NRW_DS116231,NRW_DS116236,NRW_DS116238,NRW_DS116239,NRW_DS116240,NRW_DS116241,NRW_DS116242,NRW_DS116243,NRW_DS116244,NRW_DS116245,NRW_DS116247,NRW_DS116251,NRW_DS116252,NRW_DS116253,NRW_DS116255,NRW_DS116258,NRW_DS116261,NRW_DS116263,NRW_DS116264,NRW_DS116266,NRW_DS116267,NRW_DS116268,NRW_DS116269,NRW_DS116270,NRW_DS116271,NRW_DS116272,NRW_DS116276,NRW_DS116278,NRW_DS116279,NRW_DS116281,NRW_DS116283,NRW_DS116284,NRW_DS116285,NRW_DS116287,NRW_DS116288,NRW_DS116290,NRW_DS116291,NRW_DS116292,NRW_DS116294,NRW_DS116295,NRW_DS116296,NRW_DS116297,NRW_DS116298,NRW_DS116300,NRW_DS116301,NRW_DS116303,NRW_DS116305,NRW_DS116308,NRW_DS116309,NRW_DS116312,NRW_DS116321,NRW_DS116323,NRW_DS116327,NRW_DS116329,NRW_DS116331,NRW_DS116333,NRW_DS116334,NRW_DS116336,NRW_DS116337,NRW_DS116338,NRW_DS116340,NRW_DS116342,NRW_DS116343,NRW_DS116442,NRW_DS116445,NRW_DS116446,NRW_DS116494,NRW_DS116536,NRW_DS116723,NRW_DS116788,NRW_DS116792,NRW_DS116802,NRW_DS116803,NRW_DS116805,NRW_DS116807,NRW_DS116814,NRW_DS116826,NRW_DS117501,NRW_DS117519,NRW_DS118585,NRW_DS118643,NRW_DS119005,NRW_DS119019,NRW_DS119099,NRW_DS119100,NRW_DS119101,NRW_DS119124,NRW_DS119132,NRW_DS119133,NRW_DS119134,NRW_DS119141,NRW_DS119153,NRW_DS119161,NRW_DS119263,NRW_DS119266,NRW_DS119270,NRW_DS119281,NRW_DS119974,NRW_DS121238,NRW_DS121241,NRW_DS121357,NRW_DS121359,NRW_DS121361,NRW_DS121362,NRW_DS121363,NRW_DS121392,NRW_DS121599,NRW_DS121668,NRW_DS121672,NRW_DS121852,NRW_DS122202,NRW_DS122418,NRW_DS122453,NRW_DS122454,NRW_DS122460,NRW_DS122580,NRW_DS122973,NRW_DS123303,NRW_DS123310,NRW_DS123318,NRW_DS123441,NRW_DS123857,NRW_DS124164,NRW_DS124436,NRW_DS124663,NRW_DS124687,NRW_DS124762,NRW_DS124763,NRW_DS124790,NRW_DS124791,NRW_DS124794,NRW_DS124799,NRW_DS124807,NRW_DS124828,NRW_DS124838,NRW_DS124841,NRW_DS124842,NRW_DS124843,NRW_DS124845,NRW_DS124851,NRW_DS124865,NRW_DS124869,NRW_DS124889,NRW_DS124903,NRW_DS124913,NRW_DS124916,NRW_DS124923,NRW_DS124928,NRW_DS124929,NRW_DS125074,NRW_DS125076,NRW_DS125080,NRW_DS125083,NRW_DS125215,NRW_DS125216,NRW_DS125226,NRW_DS125237,NRW_DS125258,NRW_DS125266,NRW_DS125279,NRW_DS125285,NRW_DS125305,NRW_DS125323,NRW_DS125326,NRW_DS125436,NRW_DS125437,NRW_DS125452,NRW_DS125453,NRW_DS125458,NRW_DS125499,NRW_DS125531,NRW_DS125561,NRW_DS125572,NRW_DS125620,NRW_DS125626,NRW_DS125637,NRW_DS125641,NRW_DS125685,NRW_DS125697,NRW_DS125707,NRW_DS125722,NRW_DS125723,NRW_DS125742,NRW_DS125743,NRW_DS161272,NRW_DS161277,NRW_DS161278,NRW_DS161279,NRW_DS161282,NRW_DS161285,NRW_DS161288,NRW_DS161324,NRW_DS161330,NRW_DS161335,NRW_DS161343,NRW_DS161346,NRW_DS161347,NRW_DS161349,NRW_DS161359,NRW_DS161360,NRW_DS161361,NRW_DS161366,NRW_DS161371,NRW_DS161385,NRW_DS161387,NRW_DS161388,NRW_DS161408,NRW_DS161414,NRW_DS161473,NRW_DS161523,NRW_DS161637,NRW_DS24294,NRW_DS24333,NRW_DS24715,NRW_DS46160,NRW_DS98736,NRW_DS98737,NRW_DS98740,NRW_DS98741,NRW_DS98742,NRW_DS98745,NRW_DS98746,NRW_DS98751,NRW_DS98759,NRW_DS98766,NRW_DS98775,NRW_DS98776,NRW_DS98777,NRW_DS98778,NRW_DS99287,NRW_DS99344,NRW_DS99411,NRW_DS99415,NRW_DS99421

======== Exception
['  File "/Users/KTsang/Projects/dgu/datagovuk-notes/venv/lib/python3.14/site-packages/owslib/iso.py", line 201, in __init__', "    util.nspath_eval('gmd:characterEncoding/gmd:MD_CharacterSetCode', namespaces)).attrib.get(", '                                                                                   ^^^^^^', "AttributeError: 'NoneType' object has no attribute 'attrib'", '']
======== count: 225

Successful getrecordbyid: 21 / 246
